src/components/shared/navigation/AdminTopNav.tsx(5,10): error TS2305: Module '"@/store/slices/authSlice"' has no exported member 'logoutThunk'.
